---
source: crates/rome_js_analyze/tests/spec_tests.rs
assertion_line: 103
expression: valid.js
---
# Input
```js
/* should not generate diagnostics */

import "./sibling";
import { someSymbol } from "../aunt";

```


